// Jest Snapshot v1, https://goo.gl/fbAQLP

exports[`Messenger renders and matches snapshot 1`] = `
<div>
  <div
    class="sc-bczRLJ dtMXGe"
  >
    <div
      class="sc-gsnTZi dkPlsI"
    >
      Messenger
    </div>
  </div>
  <div
    class="sc-dkzDqf eGEKCX"
  >
    <div
      role="main"
      style=""
    >
      <div
        class="sc-eCYdqJ jGnNot"
      >
        Coming soon
      </div>
    </div>
  </div>
</div>
`;
