// Jest Snapshot v1, https://goo.gl/fbAQLP

exports[`CarouselContainer render matches snapshot 1`] = `
.c0 {
  background-color: white;
  border-bottom: solid 1px #e0e0e0;
  box-shadow: 0 -6px 15px 0px rgb(0 0 0 / 10%);
  display: -webkit-box;
  display: -webkit-flex;
  display: -ms-flexbox;
  display: flex;
  -webkit-box-flex: 0;
  -webkit-flex-grow: 0;
  -ms-flex-positive: 0;
  flex-grow: 0;
}

.c1 {
  font-size: 1em;
  font-weight: inherit;
  color: inherit;
  padding: 13px;
  -webkit-box-flex: 2;
  -webkit-flex-grow: 2;
  -ms-flex-positive: 2;
  flex-grow: 2;
  display: -webkit-box;
  display: -webkit-flex;
  display: -ms-flexbox;
  display: flex;
  -webkit-align-items: center;
  -webkit-box-align: center;
  -ms-flex-align: center;
  align-items: center;
}

.c2 {
  -webkit-align-items: center;
  -webkit-box-align: center;
  -ms-flex-align: center;
  align-items: center;
  font-size: 1.25em;
  padding: 0;
  display: none;
}

.c2 a {
  display: -webkit-box;
  display: -webkit-flex;
  display: -ms-flexbox;
  display: flex;
  padding: 0;
  line-height: normal;
  color: rgb(0 100 176);
  -webkit-text-decoration: underline;
  text-decoration: underline;
  -webkit-transition: opacity 0.2s ease-in-out;
  transition: opacity 0.2s ease-in-out;
}

.c3 {
  cursor: pointer;
  display: -webkit-box;
  display: -webkit-flex;
  display: -ms-flexbox;
  display: flex;
  padding: 15px 15px 12px 15px;
  border-bottom: solid 3px transparent;
  border-bottom: solid 3px rgb(0,127,224);
  opacity: 0.6;
}

.c3:hover {
  color: rgb(0,145,255);
  opacity: 1;
}

.c4 {
  cursor: pointer;
  display: -webkit-box;
  display: -webkit-flex;
  display: -ms-flexbox;
  display: flex;
  padding: 15px 15px 12px 15px;
  border-bottom: solid 3px transparent;
  opacity: 0.6;
}

.c4:hover {
  color: rgb(0,145,255);
  opacity: 1;
}

.c5 {
  -webkit-box-flex: 1;
  -webkit-flex-grow: 1;
  -ms-flex-positive: 1;
  flex-grow: 1;
  overflow-y: auto;
  -webkit-scroll-behavior: smooth;
  -moz-scroll-behavior: smooth;
  -ms-scroll-behavior: smooth;
  scroll-behavior: smooth;
}

.c6 {
  max-width: 1200px;
  display: -webkit-box;
  display: -webkit-flex;
  display: -ms-flexbox;
  display: flex;
  -webkit-flex-direction: column;
  -ms-flex-direction: column;
  flex-direction: column;
  margin: 0 auto;
  position: relative;
}

.c7 {
  -webkit-scroll-snap-type: x mandatory;
  -moz-scroll-snap-type: x mandatory;
  -ms-scroll-snap-type: x mandatory;
  scroll-snap-type: x mandatory;
  overflow-x: scroll;
  overflow-y: hidden;
  display: -webkit-box;
  display: -webkit-flex;
  display: -ms-flexbox;
  display: flex;
  -webkit-align-items: center;
  -webkit-box-align: center;
  -ms-flex-align: center;
  align-items: center;
  height: 100%;
  gap: 10px;
  -webkit-overflow-scrolling: touch;
  -webkit-scroll-behavior: smooth;
  -moz-scroll-behavior: smooth;
  -ms-scroll-behavior: smooth;
  scroll-behavior: smooth;
}

.c10 {
  color: #ffffff;
  background-color: #000000;
  position: absolute;
  padding: 10px;
  opacity: .3;
  cursor: pointer;
  top: 10px;
  left: 10px;
}

.c10:hover {
  opacity: 1;
}

.c11 {
  color: #ffffff;
  background-color: #000000;
  position: absolute;
  padding: 10px;
  opacity: .3;
  cursor: pointer;
  top: 10px;
  right: 10px;
}

.c11:hover {
  opacity: 1;
}

.c12 {
  display: -webkit-box;
  display: -webkit-flex;
  display: -ms-flexbox;
  display: flex;
  -webkit-box-pack: center;
  -webkit-justify-content: center;
  -ms-flex-pack: center;
  justify-content: center;
}

.c13 {
  height: 44px;
  width: 50px;
  display: -webkit-box;
  display: -webkit-flex;
  display: -ms-flexbox;
  display: flex;
  justify-items: center;
  cursor: pointer;
}

.c13:after {
  content: "";
  background-color: #878787;
  height: 10px;
  margin-top: 10px;
  width: 40px;
}

.c13:after {
  background-color: #000000;
}

.c13:hover:after {
  background-color: #000000;
}

.c14 {
  height: 44px;
  width: 50px;
  display: -webkit-box;
  display: -webkit-flex;
  display: -ms-flexbox;
  display: flex;
  justify-items: center;
  cursor: pointer;
}

.c14:after {
  content: "";
  background-color: #878787;
  height: 10px;
  margin-top: 10px;
  width: 40px;
}

.c14:hover:after {
  background-color: #000000;
}

.c8 {
  -webkit-scroll-snap-align: center;
  -moz-scroll-snap-align: center;
  -ms-scroll-snap-align: center;
  scroll-snap-align: center;
  position: relative;
  min-width: 100%;
  padding-top: 50%;
}

.c8 img {
  height: 100%;
  width: auto;
  position: absolute;
  top: 0;
  left: 0;
}

.c9 {
  background-color: #000000;
  color: #ffffff;
  position: absolute;
  left: 0;
  bottom: 20px;
  padding: 15px;
  font-size: 2.5vw;
}

@media (min-width:768px) {
  .c2 {
    display: -webkit-box;
    display: -webkit-flex;
    display: -ms-flexbox;
    display: flex;
  }
}

<div>
  <header
    class="c0"
  >
    <h2
      class="c1"
    >
      Carousel
    </h2>
    <div
      class="c2"
    >
      <div
        class="c3"
        role="button"
        title="Run demo"
      >
        <svg
          fill="currentColor"
          height="1em"
          stroke="currentColor"
          stroke-width="0"
          viewBox="0 0 24 24"
          width="1em"
          xmlns="http://www.w3.org/2000/svg"
        >
          <path
            d="M0 0h24v24H0V0z"
            fill="none"
          />
          <path
            d="M10 16.5l6-4.5-6-4.5zM12 2C6.48 2 2 6.48 2 12s4.48 10 10 10 10-4.48 10-10S17.52 2 12 2zm0 18c-4.41 0-8-3.59-8-8s3.59-8 8-8 8 3.59 8 8-3.59 8-8 8z"
          />
        </svg>
      </div>
      <div
        class="c4"
        role="button"
        title="View notes"
      >
        <svg
          fill="currentColor"
          height="1em"
          stroke="currentColor"
          stroke-width="0"
          viewBox="0 0 24 24"
          width="1em"
          xmlns="http://www.w3.org/2000/svg"
        >
          <path
            d="M0 0h24v24H0V0z"
            fill="none"
          />
          <path
            d="M3 18h12v-2H3v2zM3 6v2h18V6H3zm0 7h18v-2H3v2z"
          />
        </svg>
      </div>
      <a
        aria-label="View source code on GitHub"
        href="https://github.com/fsjsd/frontend-patterns/tree/main/src/features/carousel"
        rel="noopener noreferrer"
        role="button"
        target="_blank"
      >
        <div
          class="c4"
          title="View code on github"
        >
          <svg
            fill="currentColor"
            height="1em"
            stroke="currentColor"
            stroke-width="0"
            viewBox="0 0 16 16"
            width="1em"
            xmlns="http://www.w3.org/2000/svg"
          >
            <path
              d="M8 0C3.58 0 0 3.58 0 8c0 3.54 2.29 6.53 5.47 7.59.4.07.55-.17.55-.38 0-.19-.01-.82-.01-1.49-2.01.37-2.53-.49-2.69-.94-.09-.23-.48-.94-.82-1.13-.28-.15-.68-.52-.01-.53.63-.01 1.08.58 1.23.82.72 1.21 1.87.87 2.33.66.07-.52.28-.87.51-1.07-1.78-.2-3.64-.89-3.64-3.95 0-.87.31-1.59.82-2.15-.08-.2-.36-1.02.08-2.12 0 0 .67-.21 2.2.82.64-.18 1.32-.27 2-.27.68 0 1.36.09 2 .27 1.53-1.04 2.2-.82 2.2-.82.44 1.1.16 1.92.08 2.12.51.56.82 1.27.82 2.15 0 3.07-1.87 3.75-3.65 3.95.29.25.54.73.54 1.48 0 1.07-.01 1.93-.01 2.2 0 .21.15.46.55.38A8.013 8.013 0 0 0 16 8c0-4.42-3.58-8-8-8z"
              fill-rule="evenodd"
            />
          </svg>
        </div>
      </a>
    </div>
  </header>
  <section
    class="c5"
    role="document"
  >
    <div
      class="c6"
      width="1200"
    >
      <div
        class="c7"
        data-testid="slidecontainer"
      >
        <div
          aria-label="slide"
          class="c8"
          data-slideindex="0"
          role="tabpanel"
        >
          <div
            class="c9"
          >
            Tour the Empire State Building! Buy tickets now.
          </div>
          <img
            alt="New York City skyline"
            height="600"
            src="/frontend-patterns/images/newyork.jpg"
            width="1200"
          />
        </div>
        <div
          aria-label="slide"
          class="c8"
          data-slideindex="1"
          role="tabpanel"
        >
          <div
            class="c9"
          >
            Ride the Shinkansen!
          </div>
          <img
            alt="Tokyo skyline"
            height="600"
            src="/frontend-patterns/images/city.jpg"
            width="1200"
          />
        </div>
        <div
          aria-label="slide"
          class="c8"
          data-slideindex="2"
          role="tabpanel"
        >
          <div
            class="c9"
          >
            See penguins!
          </div>
          <img
            alt="Penguins"
            height="600"
            src="/frontend-patterns/images/penguin.jpg"
            width="1200"
          />
        </div>
      </div>
      <div
        aria-label="back"
        class="c10"
        role="button"
      >
        ←
      </div>
      <div
        aria-label="forward"
        class="c11"
        role="button"
      >
        →
      </div>
      <div
        class="c12"
        role="tablist"
      >
        <div
          aria-label="slide 1"
          aria-selected="true"
          class="c13"
          role="tab"
        />
        <div
          aria-label="slide 2"
          aria-selected="false"
          class="c14"
          role="tab"
        />
        <div
          aria-label="slide 3"
          aria-selected="false"
          class="c14"
          role="tab"
        />
      </div>
    </div>
  </section>
</div>
`;

exports[`CarouselContainer views markdown article 1`] = `
.c0 {
  background-color: white;
  border-bottom: solid 1px #e0e0e0;
  box-shadow: 0 -6px 15px 0px rgb(0 0 0 / 10%);
  display: -webkit-box;
  display: -webkit-flex;
  display: -ms-flexbox;
  display: flex;
  -webkit-box-flex: 0;
  -webkit-flex-grow: 0;
  -ms-flex-positive: 0;
  flex-grow: 0;
}

.c1 {
  font-size: 1em;
  font-weight: inherit;
  color: inherit;
  padding: 13px;
  -webkit-box-flex: 2;
  -webkit-flex-grow: 2;
  -ms-flex-positive: 2;
  flex-grow: 2;
  display: -webkit-box;
  display: -webkit-flex;
  display: -ms-flexbox;
  display: flex;
  -webkit-align-items: center;
  -webkit-box-align: center;
  -ms-flex-align: center;
  align-items: center;
}

.c2 {
  -webkit-align-items: center;
  -webkit-box-align: center;
  -ms-flex-align: center;
  align-items: center;
  font-size: 1.25em;
  padding: 0;
  display: none;
}

.c2 a {
  display: -webkit-box;
  display: -webkit-flex;
  display: -ms-flexbox;
  display: flex;
  padding: 0;
  line-height: normal;
  color: rgb(0 100 176);
  -webkit-text-decoration: underline;
  text-decoration: underline;
  -webkit-transition: opacity 0.2s ease-in-out;
  transition: opacity 0.2s ease-in-out;
}

.c3 {
  cursor: pointer;
  display: -webkit-box;
  display: -webkit-flex;
  display: -ms-flexbox;
  display: flex;
  padding: 15px 15px 12px 15px;
  border-bottom: solid 3px transparent;
  border-bottom: solid 3px rgb(0,127,224);
  opacity: 0.6;
}

.c3:hover {
  color: rgb(0,145,255);
  opacity: 1;
}

.c4 {
  cursor: pointer;
  display: -webkit-box;
  display: -webkit-flex;
  display: -ms-flexbox;
  display: flex;
  padding: 15px 15px 12px 15px;
  border-bottom: solid 3px transparent;
  opacity: 0.6;
}

.c4:hover {
  color: rgb(0,145,255);
  opacity: 1;
}

.c5 {
  -webkit-box-flex: 1;
  -webkit-flex-grow: 1;
  -ms-flex-positive: 1;
  flex-grow: 1;
  overflow-y: auto;
  -webkit-scroll-behavior: smooth;
  -moz-scroll-behavior: smooth;
  -ms-scroll-behavior: smooth;
  scroll-behavior: smooth;
}

.c6 {
  max-width: 1200px;
  display: -webkit-box;
  display: -webkit-flex;
  display: -ms-flexbox;
  display: flex;
  -webkit-flex-direction: column;
  -ms-flex-direction: column;
  flex-direction: column;
  margin: 0 auto;
  position: relative;
}

.c7 {
  -webkit-scroll-snap-type: x mandatory;
  -moz-scroll-snap-type: x mandatory;
  -ms-scroll-snap-type: x mandatory;
  scroll-snap-type: x mandatory;
  overflow-x: scroll;
  overflow-y: hidden;
  display: -webkit-box;
  display: -webkit-flex;
  display: -ms-flexbox;
  display: flex;
  -webkit-align-items: center;
  -webkit-box-align: center;
  -ms-flex-align: center;
  align-items: center;
  height: 100%;
  gap: 10px;
  -webkit-overflow-scrolling: touch;
  -webkit-scroll-behavior: smooth;
  -moz-scroll-behavior: smooth;
  -ms-scroll-behavior: smooth;
  scroll-behavior: smooth;
}

.c10 {
  color: #ffffff;
  background-color: #000000;
  position: absolute;
  padding: 10px;
  opacity: .3;
  cursor: pointer;
  top: 10px;
  left: 10px;
}

.c10:hover {
  opacity: 1;
}

.c11 {
  color: #ffffff;
  background-color: #000000;
  position: absolute;
  padding: 10px;
  opacity: .3;
  cursor: pointer;
  top: 10px;
  right: 10px;
}

.c11:hover {
  opacity: 1;
}

.c12 {
  display: -webkit-box;
  display: -webkit-flex;
  display: -ms-flexbox;
  display: flex;
  -webkit-box-pack: center;
  -webkit-justify-content: center;
  -ms-flex-pack: center;
  justify-content: center;
}

.c13 {
  height: 44px;
  width: 50px;
  display: -webkit-box;
  display: -webkit-flex;
  display: -ms-flexbox;
  display: flex;
  justify-items: center;
  cursor: pointer;
}

.c13:after {
  content: "";
  background-color: #878787;
  height: 10px;
  margin-top: 10px;
  width: 40px;
}

.c13:after {
  background-color: #000000;
}

.c13:hover:after {
  background-color: #000000;
}

.c14 {
  height: 44px;
  width: 50px;
  display: -webkit-box;
  display: -webkit-flex;
  display: -ms-flexbox;
  display: flex;
  justify-items: center;
  cursor: pointer;
}

.c14:after {
  content: "";
  background-color: #878787;
  height: 10px;
  margin-top: 10px;
  width: 40px;
}

.c14:hover:after {
  background-color: #000000;
}

.c8 {
  -webkit-scroll-snap-align: center;
  -moz-scroll-snap-align: center;
  -ms-scroll-snap-align: center;
  scroll-snap-align: center;
  position: relative;
  min-width: 100%;
  padding-top: 50%;
}

.c8 img {
  height: 100%;
  width: auto;
  position: absolute;
  top: 0;
  left: 0;
}

.c9 {
  background-color: #000000;
  color: #ffffff;
  position: absolute;
  left: 0;
  bottom: 20px;
  padding: 15px;
  font-size: 2.5vw;
}

@media (min-width:768px) {
  .c2 {
    display: -webkit-box;
    display: -webkit-flex;
    display: -ms-flexbox;
    display: flex;
  }
}

<div>
  <header
    class="c0"
  >
    <h2
      class="c1"
    >
      Carousel
    </h2>
    <div
      class="c2"
    >
      <div
        class="c3"
        role="button"
        title="Run demo"
      >
        <svg
          fill="currentColor"
          height="1em"
          stroke="currentColor"
          stroke-width="0"
          viewBox="0 0 24 24"
          width="1em"
          xmlns="http://www.w3.org/2000/svg"
        >
          <path
            d="M0 0h24v24H0V0z"
            fill="none"
          />
          <path
            d="M10 16.5l6-4.5-6-4.5zM12 2C6.48 2 2 6.48 2 12s4.48 10 10 10 10-4.48 10-10S17.52 2 12 2zm0 18c-4.41 0-8-3.59-8-8s3.59-8 8-8 8 3.59 8 8-3.59 8-8 8z"
          />
        </svg>
      </div>
      <div
        class="c4"
        role="button"
        title="View notes"
      >
        <svg
          fill="currentColor"
          height="1em"
          stroke="currentColor"
          stroke-width="0"
          viewBox="0 0 24 24"
          width="1em"
          xmlns="http://www.w3.org/2000/svg"
        >
          <path
            d="M0 0h24v24H0V0z"
            fill="none"
          />
          <path
            d="M3 18h12v-2H3v2zM3 6v2h18V6H3zm0 7h18v-2H3v2z"
          />
        </svg>
      </div>
      <a
        aria-label="View source code on GitHub"
        href="https://github.com/fsjsd/frontend-patterns/tree/main/src/features/carousel"
        rel="noopener noreferrer"
        role="button"
        target="_blank"
      >
        <div
          class="c4"
          title="View code on github"
        >
          <svg
            fill="currentColor"
            height="1em"
            stroke="currentColor"
            stroke-width="0"
            viewBox="0 0 16 16"
            width="1em"
            xmlns="http://www.w3.org/2000/svg"
          >
            <path
              d="M8 0C3.58 0 0 3.58 0 8c0 3.54 2.29 6.53 5.47 7.59.4.07.55-.17.55-.38 0-.19-.01-.82-.01-1.49-2.01.37-2.53-.49-2.69-.94-.09-.23-.48-.94-.82-1.13-.28-.15-.68-.52-.01-.53.63-.01 1.08.58 1.23.82.72 1.21 1.87.87 2.33.66.07-.52.28-.87.51-1.07-1.78-.2-3.64-.89-3.64-3.95 0-.87.31-1.59.82-2.15-.08-.2-.36-1.02.08-2.12 0 0 .67-.21 2.2.82.64-.18 1.32-.27 2-.27.68 0 1.36.09 2 .27 1.53-1.04 2.2-.82 2.2-.82.44 1.1.16 1.92.08 2.12.51.56.82 1.27.82 2.15 0 3.07-1.87 3.75-3.65 3.95.29.25.54.73.54 1.48 0 1.07-.01 1.93-.01 2.2 0 .21.15.46.55.38A8.013 8.013 0 0 0 16 8c0-4.42-3.58-8-8-8z"
              fill-rule="evenodd"
            />
          </svg>
        </div>
      </a>
    </div>
  </header>
  <section
    class="c5"
    role="document"
  >
    <div
      class="c6"
      width="1200"
    >
      <div
        class="c7"
        data-testid="slidecontainer"
      >
        <div
          aria-label="slide"
          class="c8"
          data-slideindex="0"
          role="tabpanel"
        >
          <div
            class="c9"
          >
            Tour the Empire State Building! Buy tickets now.
          </div>
          <img
            alt="New York City skyline"
            height="600"
            src="/frontend-patterns/images/newyork.jpg"
            width="1200"
          />
        </div>
        <div
          aria-label="slide"
          class="c8"
          data-slideindex="1"
          role="tabpanel"
        >
          <div
            class="c9"
          >
            Ride the Shinkansen!
          </div>
          <img
            alt="Tokyo skyline"
            height="600"
            src="/frontend-patterns/images/city.jpg"
            width="1200"
          />
        </div>
        <div
          aria-label="slide"
          class="c8"
          data-slideindex="2"
          role="tabpanel"
        >
          <div
            class="c9"
          >
            See penguins!
          </div>
          <img
            alt="Penguins"
            height="600"
            src="/frontend-patterns/images/penguin.jpg"
            width="1200"
          />
        </div>
      </div>
      <div
        aria-label="back"
        class="c10"
        role="button"
      >
        ←
      </div>
      <div
        aria-label="forward"
        class="c11"
        role="button"
      >
        →
      </div>
      <div
        class="c12"
        role="tablist"
      >
        <div
          aria-label="slide 1"
          aria-selected="true"
          class="c13"
          role="tab"
        />
        <div
          aria-label="slide 2"
          aria-selected="false"
          class="c14"
          role="tab"
        />
        <div
          aria-label="slide 3"
          aria-selected="false"
          class="c14"
          role="tab"
        />
      </div>
    </div>
  </section>
</div>
`;

exports[`CarouselContainer window resize recalculates layout 1`] = `
.c0 {
  background-color: white;
  border-bottom: solid 1px #e0e0e0;
  box-shadow: 0 -6px 15px 0px rgb(0 0 0 / 10%);
  display: -webkit-box;
  display: -webkit-flex;
  display: -ms-flexbox;
  display: flex;
  -webkit-box-flex: 0;
  -webkit-flex-grow: 0;
  -ms-flex-positive: 0;
  flex-grow: 0;
}

.c1 {
  font-size: 1em;
  font-weight: inherit;
  color: inherit;
  padding: 13px;
  -webkit-box-flex: 2;
  -webkit-flex-grow: 2;
  -ms-flex-positive: 2;
  flex-grow: 2;
  display: -webkit-box;
  display: -webkit-flex;
  display: -ms-flexbox;
  display: flex;
  -webkit-align-items: center;
  -webkit-box-align: center;
  -ms-flex-align: center;
  align-items: center;
}

.c2 {
  -webkit-align-items: center;
  -webkit-box-align: center;
  -ms-flex-align: center;
  align-items: center;
  font-size: 1.25em;
  padding: 0;
  display: none;
}

.c2 a {
  display: -webkit-box;
  display: -webkit-flex;
  display: -ms-flexbox;
  display: flex;
  padding: 0;
  line-height: normal;
  color: rgb(0 100 176);
  -webkit-text-decoration: underline;
  text-decoration: underline;
  -webkit-transition: opacity 0.2s ease-in-out;
  transition: opacity 0.2s ease-in-out;
}

.c3 {
  cursor: pointer;
  display: -webkit-box;
  display: -webkit-flex;
  display: -ms-flexbox;
  display: flex;
  padding: 15px 15px 12px 15px;
  border-bottom: solid 3px transparent;
  border-bottom: solid 3px rgb(0,127,224);
  opacity: 0.6;
}

.c3:hover {
  color: rgb(0,145,255);
  opacity: 1;
}

.c4 {
  cursor: pointer;
  display: -webkit-box;
  display: -webkit-flex;
  display: -ms-flexbox;
  display: flex;
  padding: 15px 15px 12px 15px;
  border-bottom: solid 3px transparent;
  opacity: 0.6;
}

.c4:hover {
  color: rgb(0,145,255);
  opacity: 1;
}

.c5 {
  -webkit-box-flex: 1;
  -webkit-flex-grow: 1;
  -ms-flex-positive: 1;
  flex-grow: 1;
  overflow-y: auto;
  -webkit-scroll-behavior: smooth;
  -moz-scroll-behavior: smooth;
  -ms-scroll-behavior: smooth;
  scroll-behavior: smooth;
}

.c6 {
  max-width: 1200px;
  display: -webkit-box;
  display: -webkit-flex;
  display: -ms-flexbox;
  display: flex;
  -webkit-flex-direction: column;
  -ms-flex-direction: column;
  flex-direction: column;
  margin: 0 auto;
  position: relative;
}

.c7 {
  -webkit-scroll-snap-type: x mandatory;
  -moz-scroll-snap-type: x mandatory;
  -ms-scroll-snap-type: x mandatory;
  scroll-snap-type: x mandatory;
  overflow-x: scroll;
  overflow-y: hidden;
  display: -webkit-box;
  display: -webkit-flex;
  display: -ms-flexbox;
  display: flex;
  -webkit-align-items: center;
  -webkit-box-align: center;
  -ms-flex-align: center;
  align-items: center;
  height: 100%;
  gap: 10px;
  -webkit-overflow-scrolling: touch;
  -webkit-scroll-behavior: smooth;
  -moz-scroll-behavior: smooth;
  -ms-scroll-behavior: smooth;
  scroll-behavior: smooth;
}

.c10 {
  color: #ffffff;
  background-color: #000000;
  position: absolute;
  padding: 10px;
  opacity: .3;
  cursor: pointer;
  top: 10px;
  left: 10px;
}

.c10:hover {
  opacity: 1;
}

.c11 {
  color: #ffffff;
  background-color: #000000;
  position: absolute;
  padding: 10px;
  opacity: .3;
  cursor: pointer;
  top: 10px;
  right: 10px;
}

.c11:hover {
  opacity: 1;
}

.c12 {
  display: -webkit-box;
  display: -webkit-flex;
  display: -ms-flexbox;
  display: flex;
  -webkit-box-pack: center;
  -webkit-justify-content: center;
  -ms-flex-pack: center;
  justify-content: center;
}

.c13 {
  height: 44px;
  width: 50px;
  display: -webkit-box;
  display: -webkit-flex;
  display: -ms-flexbox;
  display: flex;
  justify-items: center;
  cursor: pointer;
}

.c13:after {
  content: "";
  background-color: #878787;
  height: 10px;
  margin-top: 10px;
  width: 40px;
}

.c13:after {
  background-color: #000000;
}

.c13:hover:after {
  background-color: #000000;
}

.c14 {
  height: 44px;
  width: 50px;
  display: -webkit-box;
  display: -webkit-flex;
  display: -ms-flexbox;
  display: flex;
  justify-items: center;
  cursor: pointer;
}

.c14:after {
  content: "";
  background-color: #878787;
  height: 10px;
  margin-top: 10px;
  width: 40px;
}

.c14:hover:after {
  background-color: #000000;
}

.c8 {
  -webkit-scroll-snap-align: center;
  -moz-scroll-snap-align: center;
  -ms-scroll-snap-align: center;
  scroll-snap-align: center;
  position: relative;
  min-width: 100%;
  padding-top: 50%;
}

.c8 img {
  height: 100%;
  width: auto;
  position: absolute;
  top: 0;
  left: 0;
}

.c9 {
  background-color: #000000;
  color: #ffffff;
  position: absolute;
  left: 0;
  bottom: 20px;
  padding: 15px;
  font-size: 2.5vw;
}

@media (min-width:768px) {
  .c2 {
    display: -webkit-box;
    display: -webkit-flex;
    display: -ms-flexbox;
    display: flex;
  }
}

<div>
  <header
    class="c0"
  >
    <h2
      class="c1"
    >
      Carousel
    </h2>
    <div
      class="c2"
    >
      <div
        class="c3"
        role="button"
        title="Run demo"
      >
        <svg
          fill="currentColor"
          height="1em"
          stroke="currentColor"
          stroke-width="0"
          viewBox="0 0 24 24"
          width="1em"
          xmlns="http://www.w3.org/2000/svg"
        >
          <path
            d="M0 0h24v24H0V0z"
            fill="none"
          />
          <path
            d="M10 16.5l6-4.5-6-4.5zM12 2C6.48 2 2 6.48 2 12s4.48 10 10 10 10-4.48 10-10S17.52 2 12 2zm0 18c-4.41 0-8-3.59-8-8s3.59-8 8-8 8 3.59 8 8-3.59 8-8 8z"
          />
        </svg>
      </div>
      <div
        class="c4"
        role="button"
        title="View notes"
      >
        <svg
          fill="currentColor"
          height="1em"
          stroke="currentColor"
          stroke-width="0"
          viewBox="0 0 24 24"
          width="1em"
          xmlns="http://www.w3.org/2000/svg"
        >
          <path
            d="M0 0h24v24H0V0z"
            fill="none"
          />
          <path
            d="M3 18h12v-2H3v2zM3 6v2h18V6H3zm0 7h18v-2H3v2z"
          />
        </svg>
      </div>
      <a
        aria-label="View source code on GitHub"
        href="https://github.com/fsjsd/frontend-patterns/tree/main/src/features/carousel"
        rel="noopener noreferrer"
        role="button"
        target="_blank"
      >
        <div
          class="c4"
          title="View code on github"
        >
          <svg
            fill="currentColor"
            height="1em"
            stroke="currentColor"
            stroke-width="0"
            viewBox="0 0 16 16"
            width="1em"
            xmlns="http://www.w3.org/2000/svg"
          >
            <path
              d="M8 0C3.58 0 0 3.58 0 8c0 3.54 2.29 6.53 5.47 7.59.4.07.55-.17.55-.38 0-.19-.01-.82-.01-1.49-2.01.37-2.53-.49-2.69-.94-.09-.23-.48-.94-.82-1.13-.28-.15-.68-.52-.01-.53.63-.01 1.08.58 1.23.82.72 1.21 1.87.87 2.33.66.07-.52.28-.87.51-1.07-1.78-.2-3.64-.89-3.64-3.95 0-.87.31-1.59.82-2.15-.08-.2-.36-1.02.08-2.12 0 0 .67-.21 2.2.82.64-.18 1.32-.27 2-.27.68 0 1.36.09 2 .27 1.53-1.04 2.2-.82 2.2-.82.44 1.1.16 1.92.08 2.12.51.56.82 1.27.82 2.15 0 3.07-1.87 3.75-3.65 3.95.29.25.54.73.54 1.48 0 1.07-.01 1.93-.01 2.2 0 .21.15.46.55.38A8.013 8.013 0 0 0 16 8c0-4.42-3.58-8-8-8z"
              fill-rule="evenodd"
            />
          </svg>
        </div>
      </a>
    </div>
  </header>
  <section
    class="c5"
    role="document"
  >
    <div
      class="c6"
      width="1200"
    >
      <div
        class="c7"
        data-testid="slidecontainer"
      >
        <div
          aria-label="slide"
          class="c8"
          data-slideindex="0"
          role="tabpanel"
        >
          <div
            class="c9"
          >
            Tour the Empire State Building! Buy tickets now.
          </div>
          <img
            alt="New York City skyline"
            height="600"
            src="/frontend-patterns/images/newyork.jpg"
            width="1200"
          />
        </div>
        <div
          aria-label="slide"
          class="c8"
          data-slideindex="1"
          role="tabpanel"
        >
          <div
            class="c9"
          >
            Ride the Shinkansen!
          </div>
          <img
            alt="Tokyo skyline"
            height="600"
            src="/frontend-patterns/images/city.jpg"
            width="1200"
          />
        </div>
        <div
          aria-label="slide"
          class="c8"
          data-slideindex="2"
          role="tabpanel"
        >
          <div
            class="c9"
          >
            See penguins!
          </div>
          <img
            alt="Penguins"
            height="600"
            src="/frontend-patterns/images/penguin.jpg"
            width="1200"
          />
        </div>
      </div>
      <div
        aria-label="back"
        class="c10"
        role="button"
      >
        ←
      </div>
      <div
        aria-label="forward"
        class="c11"
        role="button"
      >
        →
      </div>
      <div
        class="c12"
        role="tablist"
      >
        <div
          aria-label="slide 1"
          aria-selected="true"
          class="c13"
          role="tab"
        />
        <div
          aria-label="slide 2"
          aria-selected="false"
          class="c14"
          role="tab"
        />
        <div
          aria-label="slide 3"
          aria-selected="false"
          class="c14"
          role="tab"
        />
      </div>
    </div>
  </section>
</div>
`;
